Testing Auth API Endpoints...
=============================
1. Testing Login (Admin) - SUCCESS (Status 200, got token)
2. Testing Get Me - SUCCESS (Status 200, user data matched)
3. Testing Refresh Token - FAILED
Array
(
    [code] => 500
    [body] => Array
        (
            [message] => App\Services\AuthService::respondWithToken(): Argument #2 ($user) must be of type App\Models\User, null given, called in D:\Project WOKA\Diskominfo\app\Services\AuthService.php on line 49
            [exception] => TypeError
            [file] => D:\Project WOKA\Diskominfo\app\Services\AuthService.php
            [line] => 57
            [trace] => Array
                (
                    [0] => Array
                        (
                            [file] => D:\Project WOKA\Diskominfo\app\Services\AuthService.php
                            [line] => 49
                            [function] => respondWithToken
                            [class] => App\Services\AuthService
                            [type] => ->
                        )

                    [1] => Array
                        (
                            [file] => D:\Project WOKA\Diskominfo\app\Http\Controllers\Auth\AuthController.php
                            [line] => 26
                            [function] => refresh
                            [class] => App\Services\AuthService
                            [type] => ->
                        )

                    [2] => Array
                        (
                            [file] => D:\Project WOKA\Diskominfo\vendor\laravel\framework\src\Illuminate\Routing\ControllerDispatcher.php
                            [line] => 46
                            [function] => refresh
                            [class] => App\Http\Controllers\Auth\AuthController
                            [type] => ->
                        )

                    [3] => Array
                        (
                            [file] => D:\Project WOKA\Diskominfo\vendor\laravel\framework\src\Illuminate\Routing\Route.php
                            [line] => 265
                            [function] => dispatch
                            [class] => Illuminate\Routing\ControllerDispatcher
                            [type] => ->
                        )

                    [4] => Array
                        (
                            [file] => D:\Project WOKA\Diskominfo\vendor\laravel\framework\src\Illuminate\Routing\Route.php
                            [line] => 211
                            [function] => runController
                            [class] => Illuminate\Routing\Route
                            [type] => ->
                        )

                    [5] => Array
                        (
                            [file] => D:\Project WOKA\Diskominfo\vendor\laravel\framework\src\Illuminate\Routing\Router.php
                            [line] => 822
                            [function] => run
                            [class] => Illuminate\Routing\Route
                            [type] => ->
                        )

                    [6] => Array
                        (
                            [file] => D:\Project WOKA\Diskominfo\vendor\laravel\framework\src\Illuminate\Pipeline\Pipeline.php
                            [line] => 180
                            [function] => Illuminate\Routing\{closure}
                            [class] => Illuminate\Routing\Router
                            [type] => ->
                        )

                    [7] => Array
                        (
                            [file] => D:\Project WOKA\Diskominfo\app\Http\Middleware\JwtMiddleware.php
                            [line] => 49
                            [function] => Illuminate\Pipeline\{closure}
                            [class] => Illuminate\Pipeline\Pipeline
                            [type] => ->
                        )

                    [8] => Array
                        (
                            [file] => D:\Project WOKA\Diskominfo\vendor\laravel\framework\src\Illuminate\Pipeline\Pipeline.php
                            [line] => 219
                            [function] => handle
                            [class] => App\Http\Middleware\JwtMiddleware
                            [type] => ->
                        )

                    [9] => Array
                        (
                            [file] => D:\Project WOKA\Diskominfo\vendor\laravel\framework\src\Illuminate\Routing\Middleware\SubstituteBindings.php
                            [line] => 50
                            [function] => Illuminate\Pipeline\{closure}
                            [class] => Illuminate\Pipeline\Pipeline
                            [type] => ->
                        )

                    [10] => Array
                        (
                            [file] => D:\Project WOKA\Diskominfo\vendor\laravel\framework\src\Illuminate\Pipeline\Pipeline.php
                            [line] => 219
                            [function] => handle
                            [class] => Illuminate\Routing\Middleware\SubstituteBindings
                            [type] => ->
                        )

                    [11] => Array
                        (
                            [file] => D:\Project WOKA\Diskominfo\vendor\laravel\framework\src\Illuminate\Pipeline\Pipeline.php
                            [line] => 137
                            [function] => Illuminate\Pipeline\{closure}
                            [class] => Illuminate\Pipeline\Pipeline
                            [type] => ->
                        )

                    [12] => Array
                        (
                            [file] => D:\Project WOKA\Diskominfo\vendor\laravel\framework\src\Illuminate\Routing\Router.php
                            [line] => 821
                            [function] => then
                            [class] => Illuminate\Pipeline\Pipeline
                            [type] => ->
                        )

                    [13] => Array
                        (
                            [file] => D:\Project WOKA\Diskominfo\vendor\laravel\framework\src\Illuminate\Routing\Router.php
                            [line] => 800
                            [function] => runRouteWithinStack
                            [class] => Illuminate\Routing\Router
                            [type] => ->
                        )

                    [14] => Array
                        (
                            [file] => D:\Project WOKA\Diskominfo\vendor\laravel\framework\src\Illuminate\Routing\Router.php
                            [line] => 764
                            [function] => runRoute
                            [class] => Illuminate\Routing\Router
                            [type] => ->
                        )

                    [15] => Array
                        (
                            [file] => D:\Project WOKA\Diskominfo\vendor\laravel\framework\src\Illuminate\Routing\Router.php
                            [line] => 753
                            [function] => dispatchToRoute
                            [class] => Illuminate\Routing\Router
                            [type] => ->
                        )

                    [16] => Array
                        (
                            [file] => D:\Project WOKA\Diskominfo\vendor\laravel\framework\src\Illuminate\Foundation\Http\Kernel.php
                            [line] => 200
                            [function] => dispatch
                            [class] => Illuminate\Routing\Router
                            [type] => ->
                        )

                    [17] => Array
                        (
                            [file] => D:\Project WOKA\Diskominfo\vendor\laravel\framework\src\Illuminate\Pipeline\Pipeline.php
                            [line] => 180
                            [function] => Illuminate\Foundation\Http\{closure}
                            [class] => Illuminate\Foundation\Http\Kernel
                            [type] => ->
                        )

                    [18] => Array
                        (
                            [file] => D:\Project WOKA\Diskominfo\vendor\laravel\framework\src\Illuminate\Foundation\Http\Middleware\TransformsRequest.php
                            [line] => 21
                            [function] => Illuminate\Pipeline\{closure}
                            [class] => Illuminate\Pipeline\Pipeline
                            [type] => ->
                        )

                    [19] => Array
                        (
                            [file] => D:\Project WOKA\Diskominfo\vendor\laravel\framework\src\Illuminate\Foundation\Http\Middleware\ConvertEmptyStringsToNull.php
                            [line] => 31
                            [function] => handle
                            [class] => Illuminate\Foundation\Http\Middleware\TransformsRequest
                            [type] => ->
                        )

                    [20] => Array
                        (
                            [file] => D:\Project WOKA\Diskominfo\vendor\laravel\framework\src\Illuminate\Pipeline\Pipeline.php
                            [line] => 219
                            [function] => handle
                            [class] => Illuminate\Foundation\Http\Middleware\ConvertEmptyStringsToNull
                            [type] => ->
                        )

                    [21] => Array
                        (
                            [file] => D:\Project WOKA\Diskominfo\vendor\laravel\framework\src\Illuminate\Foundation\Http\Middleware\TransformsRequest.php
                            [line] => 21
                            [function] => Illuminate\Pipeline\{closure}
                            [class] => Illuminate\Pipeline\Pipeline
                            [type] => ->
                        )

                    [22] => Array
                        (
                            [file] => D:\Project WOKA\Diskominfo\vendor\laravel\framework\src\Illuminate\Foundation\Http\Middleware\TrimStrings.php
                            [line] => 51
                            [function] => handle
                            [class] => Illuminate\Foundation\Http\Middleware\TransformsRequest
                            [type] => ->
                        )

                    [23] => Array
                        (
                            [file] => D:\Project WOKA\Diskominfo\vendor\laravel\framework\src\Illuminate\Pipeline\Pipeline.php
                            [line] => 219
                            [function] => handle
                            [class] => Illuminate\Foundation\Http\Middleware\TrimStrings
                            [type] => ->
                        )

                    [24] => Array
                        (
                            [file] => D:\Project WOKA\Diskominfo\vendor\laravel\framework\src\Illuminate\Http\Middleware\ValidatePostSize.php
                            [line] => 27
                            [function] => Illuminate\Pipeline\{closure}
                            [class] => Illuminate\Pipeline\Pipeline
                            [type] => ->
                        )

                    [25] => Array
                        (
                            [file] => D:\Project WOKA\Diskominfo\vendor\laravel\framework\src\Illuminate\Pipeline\Pipeline.php
                            [line] => 219
                            [function] => handle
                            [class] => Illuminate\Http\Middleware\ValidatePostSize
                            [type] => ->
                        )

                    [26] => Array
                        (
                            [file] => D:\Project WOKA\Diskominfo\vendor\laravel\framework\src\Illuminate\Foundation\Http\Middleware\PreventRequestsDuringMaintenance.php
                            [line] => 109
                            [function] => Illuminate\Pipeline\{closure}
                            [class] => Illuminate\Pipeline\Pipeline
                            [type] => ->
                        )

                    [27] => Array
                        (
                            [file] => D:\Project WOKA\Diskominfo\vendor\laravel\framework\src\Illuminate\Pipeline\Pipeline.php
                            [line] => 219
                            [function] => handle
                            [class] => Illuminate\Foundation\Http\Middleware\PreventRequestsDuringMaintenance
                            [type] => ->
                        )

                    [28] => Array
                        (
                            [file] => D:\Project WOKA\Diskominfo\vendor\laravel\framework\src\Illuminate\Http\Middleware\HandleCors.php
                            [line] => 74
                            [function] => Illuminate\Pipeline\{closure}
                            [class] => Illuminate\Pipeline\Pipeline
                            [type] => ->
                        )

                    [29] => Array
                        (
                            [file] => D:\Project WOKA\Diskominfo\vendor\laravel\framework\src\Illuminate\Pipeline\Pipeline.php
                            [line] => 219
                            [function] => handle
                            [class] => Illuminate\Http\Middleware\HandleCors
                            [type] => ->
                        )

                    [30] => Array
                        (
                            [file] => D:\Project WOKA\Diskominfo\vendor\laravel\framework\src\Illuminate\Http\Middleware\TrustProxies.php
                            [line] => 58
                            [function] => Illuminate\Pipeline\{closure}
                            [class] => Illuminate\Pipeline\Pipeline
                            [type] => ->
                        )

                    [31] => Array
                        (
                            [file] => D:\Project WOKA\Diskominfo\vendor\laravel\framework\src\Illuminate\Pipeline\Pipeline.php
                            [line] => 219
                            [function] => handle
                            [class] => Illuminate\Http\Middleware\TrustProxies
                            [type] => ->
                        )

                    [32] => Array
                        (
                            [file] => D:\Project WOKA\Diskominfo\vendor\laravel\framework\src\Illuminate\Foundation\Http\Middleware\InvokeDeferredCallbacks.php
                            [line] => 22
                            [function] => Illuminate\Pipeline\{closure}
                            [class] => Illuminate\Pipeline\Pipeline
                            [type] => ->
                        )

                    [33] => Array
                        (
                            [file] => D:\Project WOKA\Diskominfo\vendor\laravel\framework\src\Illuminate\Pipeline\Pipeline.php
                            [line] => 219
                            [function] => handle
                            [class] => Illuminate\Foundation\Http\Middleware\InvokeDeferredCallbacks
                            [type] => ->
                        )

                    [34] => Array
                        (
                            [file] => D:\Project WOKA\Diskominfo\vendor\laravel\framework\src\Illuminate\Http\Middleware\ValidatePathEncoding.php
                            [line] => 26
                            [function] => Illuminate\Pipeline\{closure}
                            [class] => Illuminate\Pipeline\Pipeline
                            [type] => ->
                        )

                    [35] => Array
                        (
                            [file] => D:\Project WOKA\Diskominfo\vendor\laravel\framework\src\Illuminate\Pipeline\Pipeline.php
                            [line] => 219
                            [function] => handle
                            [class] => Illuminate\Http\Middleware\ValidatePathEncoding
                            [type] => ->
                        )

                    [36] => Array
                        (
                            [file] => D:\Project WOKA\Diskominfo\vendor\laravel\framework\src\Illuminate\Pipeline\Pipeline.php
                            [line] => 137
                            [function] => Illuminate\Pipeline\{closure}
                            [class] => Illuminate\Pipeline\Pipeline
                            [type] => ->
                        )

                    [37] => Array
                        (
                            [file] => D:\Project WOKA\Diskominfo\vendor\laravel\framework\src\Illuminate\Foundation\Http\Kernel.php
                            [line] => 175
                            [function] => then
                            [class] => Illuminate\Pipeline\Pipeline
                            [type] => ->
                        )

                    [38] => Array
                        (
                            [file] => D:\Project WOKA\Diskominfo\vendor\laravel\framework\src\Illuminate\Foundation\Http\Kernel.php
                            [line] => 144
                            [function] => sendRequestThroughRouter
                            [class] => Illuminate\Foundation\Http\Kernel
                            [type] => ->
                        )

                    [39] => Array
                        (
                            [file] => D:\Project WOKA\Diskominfo\vendor\laravel\framework\src\Illuminate\Foundation\Application.php
                            [line] => 1220
                            [function] => handle
                            [class] => Illuminate\Foundation\Http\Kernel
                            [type] => ->
                        )

                    [40] => Array
                        (
                            [file] => D:\Project WOKA\Diskominfo\public\index.php
                            [line] => 20
                            [function] => handleRequest
                            [class] => Illuminate\Foundation\Application
                            [type] => ->
                        )

                    [41] => Array
                        (
                            [file] => D:\Project WOKA\Diskominfo\vendor\laravel\framework\src\Illuminate\Foundation\resources\server.php
                            [line] => 23
                            [function] => require_once
                        )

                )

        )

)
4. Testing Logout - FAILED
Array
(
    [code] => 401
    [body] => Array
        (
            [success] => 
            [message] => Token tidak valid
            [error] => token_invalid
        )

)
5. Testing Invalid Token - SUCCESS (Status 401, token_invalid correctly caught because token was blacklisted on logout)
6. Testing Register - SUCCESS (Status 201, user registered and got token)
=============================
All tests completed.
